Dump	[]
Dump	[]
Dump	[`item (`id ("/dev"), "/dev")]
Dump	[`item (`id ("/dev"), "/dev"), `item (`id ("/proc"), "/proc")]
