Return	
Return	file
Return	file.ext
Return	/dir/file
Return	/dir/file.ext
Return	file.ext
Return	.ext
Return	f.ext
Return	
Return	/dir.ext/file.ext
Return	/dir.ext/.ext
Return	/dir.ext/file.ext
Return	/dir1.ext/dir2.ext/file.ext
