Read	.target.size "/etc/install.inf" -1
Read	.target.tmpdir "/tmp"
Read	.target.tmpdir "/tmp"
Read	.target.size "/tmp/autoinst.xml" -1
Dir	.autoinst.menuentry.s: []
Read	.proc.filesystems nil
Return	nil
Dump	["iso9660", "ntfs"]
Read	.proc.filesystems $["afs":"nodev", "iso9660":"\t", "minix":"\t", "nfs":"nodev", "pipefs":"nodev", "proc":"nodev", "ramfs":"nodev", "reiserfs":"\t", "rootfs":"nodev"]
Return	nil
Dump	["afs", "iso9660", "nfs", "ntfs", "pipefs", "proc", "ramfs", "rootfs"]
Read	.proc.filesystems nil
Return	nil
Dump	[]
