Read	.target.size "/etc/install.inf" -1
Read	.target.tmpdir "/tmp"
Dir	.autoyast2.desktop."s": []
Dir	.yast2.groups.s: []
Read	.probe.architecture nil
Read	.probe.has_apm nil
Read	.probe.has_pcmcia nil
Read	.probe.is_uml false
Read	.probe.has_smp false
Read	.probe.system nil
Read	.sysconfig.console.CONSOLE_ENCODING nil
Execute	.target.bash_output "locale -k charmap" $["exit":0, "stderr":"", "stdout":"charmap=\"ISO-8859-1\"\n"]
Read	.target.tmpdir "/tmp"
Read	.probe.floppy.manual nil
Read	.probe.cdrom.manual []
Read	.proc.mounts nil
Read	.etc.fstab nil
Return	[]
Read	.proc.mounts [$["file":"/", "freq":0, "mntops":"rw", "passno":0, "spec":"/dev/root", "vfstype":"reiserfs"], $["file":"/proc", "freq":0, "mntops":"rw", "passno":0, "spec":"proc", "vfstype":"proc"], $["file":"/dev/pts", "freq":0, "mntops":"rw", "passno":0, "spec":"devpts", "vfstype":"devpts"], $["file":"/boot", "freq":0, "mntops":"rw", "passno":0, "spec":"/dev/hda1", "vfstype":"ext2"], $["file":"/local", "freq":0, "mntops":"rw", "passno":0, "spec":"/dev/hda4", "vfstype":"ext2"]]
Read	.etc.fstab [$["file":"/media/cdrom", "freq":0, "mntops":"ro,noauto,user,exec", "passno":0, "spec":"/dev/cdrom", "vfstype":"auto"], $["file":"/unmountedk", "freq":0, "mntops":"defaults", "passno":0, "spec":"/dev/hdb1", "vfstype":"ext2"]]
Return	[$["mountpoint":"/boot", "partition":"/dev/hda1"], $["mountpoint":"/local", "partition":"/dev/hda4"], $["mountpoint":"/unmountedk", "partition":"/dev/hdb1"]]
