Read	.proc.mounts nil
Read	.etc.fstab nil
Return	nil
Read	.proc.mounts [$["file":"/", "freq":0, "mntops":"rw", "passno":0, "spec":"/dev/root", "vfstype":"reiserfs"], $["file":"/proc", "freq":0, "mntops":"rw", "passno":0, "spec":"proc", "vfstype":"proc"], $["file":"/dev/pts", "freq":0, "mntops":"rw", "passno":0, "spec":"devpts", "vfstype":"devpts"], $["file":"/boot", "freq":0, "mntops":"rw", "passno":0, "spec":"/dev/hda1", "vfstype":"ext2"], $["file":"/local", "freq":0, "mntops":"rw", "passno":0, "spec":"/dev/hda4", "vfstype":"ext2"]]
Return	/boot
Read	.proc.mounts [$["file":"/", "freq":0, "mntops":"rw", "passno":0, "spec":"/dev/root", "vfstype":"reiserfs"], $["file":"/proc", "freq":0, "mntops":"rw", "passno":0, "spec":"proc", "vfstype":"proc"], $["file":"/dev/pts", "freq":0, "mntops":"rw", "passno":0, "spec":"devpts", "vfstype":"devpts"], $["file":"/boot", "freq":0, "mntops":"rw", "passno":0, "spec":"/dev/hda1", "vfstype":"ext2"], $["file":"/local", "freq":0, "mntops":"rw", "passno":0, "spec":"/dev/hda4", "vfstype":"ext2"]]
Read	.etc.fstab [$["file":"/media/cdrom", "freq":0, "mntops":"ro,noauto,user,exec", "passno":0, "spec":"/dev/cdrom", "vfstype":"auto"], $["file":"/unmounted", "freq":0, "mntops":"defaults", "passno":0, "spec":"/dev/hdb1", "vfstype":"ext2"]]
Return	/unmounted
Read	.proc.mounts [$["file":"/", "freq":0, "mntops":"rw", "passno":0, "spec":"/dev/root", "vfstype":"reiserfs"], $["file":"/proc", "freq":0, "mntops":"rw", "passno":0, "spec":"proc", "vfstype":"proc"], $["file":"/dev/pts", "freq":0, "mntops":"rw", "passno":0, "spec":"devpts", "vfstype":"devpts"], $["file":"/boot", "freq":0, "mntops":"rw", "passno":0, "spec":"/dev/hda1", "vfstype":"ext2"], $["file":"/local", "freq":0, "mntops":"rw", "passno":0, "spec":"/dev/hda4", "vfstype":"ext2"]]
Read	.etc.fstab [$["file":"/media/cdrom", "freq":0, "mntops":"ro,noauto,user,exec", "passno":0, "spec":"/dev/cdrom", "vfstype":"auto"], $["file":"/unmounted", "freq":0, "mntops":"defaults", "passno":0, "spec":"/dev/hdb1", "vfstype":"ext2"]]
Return	nil
