Read	.target.tmpdir "/tmp"
Dump	nil
Dump	nil
Dump	nil
Dump	nil
Dump	1200000
