Read	.target.tmpdir "/tmp"
Dump	[""]
Dump	[$["filelist":"Package: aaa_base-2001.5.22-0\nInstalled: (none)\n/etc/modules.conf\n", "sel_files":1, "sel_packages":1]]
Dump	[$["filelist":"Package: aaa_base-2001.5.22-0\nInstalled: (none)\n/etc/modules.conf\nNopackage:\n/etc/fstab\n", "sel_files":2, "sel_packages":2]]
