Read	.target.size "/etc/install.inf" -1
Read	.target.tmpdir nil
Read	.target.size nil -1
Dir	.autoinst.menuentry.s: []
Read	.probe.architecture nil
Read	.probe.has_apm nil
Read	.probe.has_pcmcia nil
Read	.probe.has_smp false
Read	.probe.system nil
Dump	[]
Dump	[]
Dump	[`item (`id (1), "[ ]", "/etc/fstab", ""), `item (`id (2), "[ ]", "/etc/passwd", ""), `item (`id (3), "[ ]", "/etc/inittab", "aaa_base-2001.5.22-0"), `item (`id (4), "[ ]", "/etc/modules.conf", "aaa_base-2001.5.22-0")]
Dump	[`item (`id (1), "[ ]", "/etc/fstab", ""), `item (`id (2), "[ ]", "/etc/passwd", ""), `item (`id (3), "[ ]", "/etc/inittab", "aaa_base-2001.5.22-0"), `item (`id (4), "[x]", "/etc/modules.conf", "aaa_base-2001.5.22-0")]
Dump	[`item (`id (1), "[x]", "/etc/fstab", ""), `item (`id (2), "[x]", "/etc/passwd", ""), `item (`id (3), "[x]", "/etc/inittab", "aaa_base-2001.5.22-0"), `item (`id (4), "[x]", "/etc/modules.conf", "aaa_base-2001.5.22-0")]
