Dump	[]
Dump	[]
Dump	[]
Dump	[`item (`id (`fd144), "Floppy 1.44 MB"), `item (`id (`fd12), "Floppy 1.2 MB")]
