Dump	$[]
Dump	$["test profile":$[`archive_name:"", `archive_type:`tgz, `autoprofile:true, `backup_all_ext2:false, `backup_none_ext2:true, `backup_pt:true, `backup_selected_ext2:false, `default_dir:["/media", "/tmp", "/var/lock", "/var/run", "/var/tmp", "/var/cache", "/sys", "/windows", "/mnt"], `description:"", `detected_ext2:nil, `detected_fs:nil, `dir_list:["/media", "/tmp", "/var/lock", "/var/run", "/var/tmp", "/var/cache", "/sys", "/windows", "/mnt"], `display:false, `do_md5_test:true, `ext2_backup:[], `fs_exclude:["iso9660", "ntfs"], `include_dirs:["/"], `mail_summary:true, `multi_volume:false, `nfsexport:"", `nfsserver:"", `perms:true, `regexp_list:[], `search:true, `system:false, `target_type:`file, `tmp_dir:"/tmp", `unselected_files:[], `user_volume_size:"", `user_volume_unit:nil, `volume_size:`fd144]]
