Dump	$[]
Dump	$["default profile":$[`archive_name:"", `archive_type:`tgz, `autoprofile:true, `backup_all_ext2:false, `backup_none_ext2:true, `backup_pt:true, `backup_selected_ext2:false, `default_dir:["/media", "/tmp", "/var/lock", "/var/run", "/var/tmp", "/var/cache", "/sys", "/windows"], `description:"", `detected_ext2:nil, `detected_fs:nil, `dir_list:["/media", "/tmp", "/var/lock", "/var/run", "/var/tmp", "/var/cache", "/sys", "/windows"], `display:false, `do_md5_test:true, `ext2_backup:[], `fs_exclude:["iso9660", "ntfs"], `include_dirs:["/"], `mail_summary:true, `multi_volume:false, `nfsexport:"", `nfsserver:"", `perms:true, `regexp_list:[], `search:true, `system:false, `target_type:`file, `tmp_dir:"/tmp", `unselected_files:[], `user_volume_size:"", `user_volume_unit:nil, `volume_size:`fd144], "empty profile":$[`archive_name:"Does not work", `archive_type:nil, `autoprofile:true, `backup_all_ext2:nil, `backup_none_ext2:nil, `backup_pt:nil, `backup_selected_ext2:nil, `default_dir:nil, `description:"Does not work - profile", `detected_ext2:nil, `detected_fs:nil, `dir_list:nil, `display:nil, `do_md5_test:nil, `ext2_backup:nil, `fs_exclude:nil, `include_dirs:["/"], `mail_summary:true, `multi_volume:nil, `nfsexport:"", `nfsserver:"", `perms:true, `regexp_list:[], `search:nil, `system:nil, `target_type:`file, `tmp_dir:"/tmp", `unselected_files:nil, `user_volume_size:nil, `user_volume_unit:nil, `volume_size:nil]]
