Dump	[]
Dump	[]
Dump	[`item (`id ("ext2"), "ext2", false)]
Dump	[nil]
