Dump	[]
Dump	[]
Dump	[`item (`id ("/dev/hda3"), "/dev/hda3", "/usr")]
Dump	[`item (`id ("/dev/hda3"), "/dev/hda3", "/usr"), `item (`id ("/dev/hda1"), "/dev/hda1", "/")]
